// Jest Snapshot v1, https://goo.gl/fbAQLP

exports[`Not Found Page snapshot renders 1`] = `
<div
  className="sc-bdVaJa iShcTr"
>
  <h1>
    Page Not Found
  </h1>
</div>
`;
